// Vitest Snapshot v1

exports[`Hr > should render 1`] = `"<div _h=\\".3\\" _bg=\\"primary-contrast/30\\" _rounded=\\"\\"></div>"`;
