// Vitest Snapshot v1

exports[`Link > should render 1`] = `"<a href=\\"javascript:;\\" class=\\"text-primary-contrast-interactive\\" _inline-block=\\"\\" _underline=\\"\\" _fw500=\\"\\" _transition-colors=\\"\\" _cursor-pointer=\\"\\" _select-none=\\"\\">abc</a>"`;
