// Vitest Snapshot v1

exports[`register page > should render 1`] = `
"<div _flex=\\"~ col\\" _items-center=\\"\\" _h-full=\\"\\">
  <div _text=\\"center 3xl\\" _fw600=\\"\\" _p=\\"t6 b8\\">register.title</div>
  <div _flex=\\"~ col\\" _items-center=\\"\\" _text-center=\\"\\" _gap4=\\"\\">
    <transition-group-stub enterfromclass=\\"op0\\" leavetoclass=\\"op0\\" moveclass=\\"!transition-300 z-1\\" enteractiveclass=\\"!pointer-events-none !transition-300\\" leaveactiveclass=\\"absolute !pointer-events-none !transition-300\\" appear=\\"false\\" persisted=\\"false\\" css=\\"true\\">
      <!--v-if--><input placeholder=\\"register.email\\" type=\\"text\\" class=\\"p-x2 p-y1.5 w80 max-w-full rounded placeholder:text-sm placeholder:text-primary-contrast/70 placeholder:fw500 border-1 outline outline-2 outline-offset--1 outline-transparent hover:outline-accent !focus:outline-accent-focus transition transition-property-[background,border,outline] border-primary-contrast/30 bg-primary-contrast/2\\" autocomplete=\\"false\\" _text-center=\\"\\"><input placeholder=\\"register.username\\" type=\\"text\\" class=\\"p-x2 p-y1.5 w80 max-w-full rounded placeholder:text-sm placeholder:text-primary-contrast/70 placeholder:fw500 border-1 outline outline-2 outline-offset--1 outline-transparent hover:outline-accent !focus:outline-accent-focus transition transition-property-[background,border,outline] border-primary-contrast/30 bg-primary-contrast/2\\" autocomplete=\\"false\\" _text-center=\\"\\"><input placeholder=\\"register.firstname\\" type=\\"text\\" class=\\"p-x2 p-y1.5 w80 max-w-full rounded placeholder:text-sm placeholder:text-primary-contrast/70 placeholder:fw500 border-1 outline outline-2 outline-offset--1 outline-transparent hover:outline-accent !focus:outline-accent-focus transition transition-property-[background,border,outline] border-primary-contrast/30 bg-primary-contrast/2\\" autocomplete=\\"false\\" _text-center=\\"\\"><input placeholder=\\"register.lastname\\" type=\\"text\\" class=\\"p-x2 p-y1.5 w80 max-w-full rounded placeholder:text-sm placeholder:text-primary-contrast/70 placeholder:fw500 border-1 outline outline-2 outline-offset--1 outline-transparent hover:outline-accent !focus:outline-accent-focus transition transition-property-[background,border,outline] border-primary-contrast/30 bg-primary-contrast/2\\" autocomplete=\\"false\\" _text-center=\\"\\"><input placeholder=\\"register.password\\" type=\\"password\\" class=\\"p-x2 p-y1.5 w80 max-w-full rounded placeholder:text-sm placeholder:text-primary-contrast/70 placeholder:fw500 border-1 outline outline-2 outline-offset--1 outline-transparent hover:outline-accent !focus:outline-accent-focus transition transition-property-[background,border,outline] border-primary-contrast/30 bg-primary-contrast/2\\" autocomplete=\\"false\\" _text-center=\\"\\"><input placeholder=\\"register.repeat_password\\" type=\\"password\\" class=\\"p-x2 p-y1.5 w80 max-w-full rounded placeholder:text-sm placeholder:text-primary-contrast/70 placeholder:fw500 border-1 outline outline-2 outline-offset--1 outline-transparent hover:outline-accent !focus:outline-accent-focus transition transition-property-[background,border,outline] border-primary-contrast/30 bg-primary-contrast/2\\" autocomplete=\\"false\\" _text-center=\\"\\">
      <div _flex=\\"~ col\\" _items-center=\\"\\" _text-center=\\"\\" _gap2=\\"\\"><button class=\\"bg-accent-interactive text-accent-interactive-contrast p-x8 p-y1\\" disabled=\\"\\" _rounded-full=\\"\\" _fw600=\\"\\" _text-center=\\"\\" _transition-all=\\"\\" _cursor-pointer=\\"\\" _select-none=\\"\\" _disabled:pointer-events-none=\\"\\" _disabled:op40=\\"\\" _flex-center=\\"\\">register.sign_up</button></div>
      <div>register.has_account <a href=\\"/login\\" class=\\"text-primary-contrast-interactive\\" _inline-block=\\"\\" _underline=\\"\\" _fw500=\\"\\" _transition-colors=\\"\\" _cursor-pointer=\\"\\" _select-none=\\"\\">register.log_in</a></div>
    </transition-group-stub>
  </div>
</div>"
`;
